// Jest Snapshot v1, https://goo.gl/fbAQLP

exports[`parseYarnListOutput should return a correct flat map of the dependencies 1`] = `
Object {
  "dependencies": Map {
    "accepts@1.3.7" => Array [
      "mime-types@2.1.31",
      "negotiator@0.6.2",
    ],
    "mime-types@2.1.31" => Array [
      "mime-db@1.48.0",
    ],
    "negotiator@0.6.2" => Array [],
    "mime-db@1.48.0" => Array [],
  },
  "topLevelDeps": Array [
    "accepts@1.3.7",
  ],
}
`;
